BL51 BANKED LINKER/LOCATER V6.22                                                        11/12/2012  23:14:43  PAGE 1


BL51 BANKED LINKER/LOCATER V6.22, INVOKED BY:
C:\KEIL\C51\BIN\BL51.EXE lcd_test.obj TO lcd_test CODE (0X0000-0X0FFF)


MEMORY MODEL: SMALL


INPUT MODULES INCLUDED:
  lcd_test.obj (LCD_TEST)
  C:\KEIL\C51\LIB\C51S.LIB (?C_STARTUP)


LINK MAP OF MODULE:  lcd_test (LCD_TEST)


            TYPE    BASE      LENGTH    RELOCATION   SEGMENT NAME
            -----------------------------------------------------

            * * * * * * *   D A T A   M E M O R Y   * * * * * * *
            REG     0000H     0008H     ABSOLUTE     "REG BANK 0"
            IDATA   0008H     0001H     UNIT         ?STACK

            * * * * * * *   C O D E   M E M O R Y   * * * * * * *
            CODE    0000H     0003H     ABSOLUTE     
                    0003H     07FDH                  *** GAP ***
            CODE    0800H     002AH     INBLOCK      ?PR?MAIN?LCD_TEST
            CODE    082AH     0015H     INBLOCK      ?PR?DELAY?LCD_TEST
            CODE    083FH     0011H     INBLOCK      ?PR?_LCD_DISPLAY?LCD_TEST
            CODE    0850H     000DH     INBLOCK      ?PR?_LCD_COMMAND?LCD_TEST
            CODE    085DH     000CH     UNIT         ?C_C51STARTUP



OVERLAY MAP OF MODULE:   lcd_test (LCD_TEST)


SEGMENT
  +--> CALLED SEGMENT
---------------------
?C_C51STARTUP
  +--> ?PR?MAIN?LCD_TEST

?PR?MAIN?LCD_TEST
  +--> ?PR?DELAY?LCD_TEST
  +--> ?PR?_LCD_DISPLAY?LCD_TEST

?PR?DELAY?LCD_TEST
  +--> ?PR?_LCD_COMMAND?LCD_TEST

?PR?_LCD_DISPLAY?LCD_TEST
  +--> ?PR?DELAY?LCD_TEST



SYMBOL TABLE OF MODULE:  lcd_test (LCD_TEST)

  VALUE           TYPE          NAME
  ----------------------------------
BL51 BANKED LINKER/LOCATER V6.22                                                      11/12/2012  23:14:43  PAGE 2



  -------         MODULE        LCD_TEST
  C:0000H         SYMBOL        _ICE_DUMMY_
  D:0080H         PUBLIC        P0
  D:0090H         PUBLIC        P1
  C:083FH         PUBLIC        _lcd_display
  C:0830H         PUBLIC        delay
  C:0800H         PUBLIC        main
  B:0080H.1       PUBLIC        write
  B:0080H.2       PUBLIC        rs
  B:0080H.0       PUBLIC        enable
  C:0850H         PUBLIC        _lcd_command
  C:082AH         SYMBOL        L?0010
  -------         PROC          L?0009
  -------         ENDPROC       L?0009
  C:082AH         SYMBOL        L?0010
  -------         PROC          DELAY
  -------         DO            
  D:0006H         SYMBOL        i
  -------         ENDDO         
  C:0830H         LINE#         8
  C:0830H         LINE#         9
  C:0830H         LINE#         10
  C:0833H         LINE#         11
  C:083EH         LINE#         12
  -------         ENDPROC       DELAY
  -------         PROC          _LCD_COMMAND
  D:0007H         SYMBOL        command
  C:0850H         LINE#         14
  C:0850H         LINE#         15
  C:0850H         LINE#         16
  C:0852H         LINE#         17
  C:0854H         LINE#         18
  C:0856H         LINE#         19
  C:0858H         LINE#         20
  C:085AH         LINE#         21
  C:085CH         LINE#         22
  -------         ENDPROC       _LCD_COMMAND
  -------         PROC          _LCD_DISPLAY
  D:0005H         SYMBOL        command
  C:083FH         LINE#         24
  C:0841H         LINE#         25
  C:0841H         LINE#         26
  C:0843H         LINE#         27
  C:0845H         LINE#         28
  C:0847H         LINE#         29
  C:0849H         LINE#         30
  C:084BH         LINE#         31
  C:084DH         LINE#         32
  C:084FH         LINE#         33
  -------         ENDPROC       _LCD_DISPLAY
  -------         PROC          MAIN
  C:0800H         LINE#         36
  C:0800H         LINE#         37
  C:0800H         LINE#         38
  C:0802H         LINE#         39
  C:0802H         LINE#         40
BL51 BANKED LINKER/LOCATER V6.22                                                      11/12/2012  23:14:43  PAGE 3


  C:0802H         LINE#         41
  C:0805H         LINE#         42
  C:0807H         LINE#         43
  C:0807H         LINE#         44
  C:0807H         LINE#         45
  C:080AH         LINE#         46
  C:080CH         LINE#         47
  C:080CH         LINE#         48
  C:080CH         LINE#         49
  C:080EH         LINE#         50
  C:0810H         LINE#         51
  C:0810H         LINE#         52
  C:0810H         LINE#         53
  C:0812H         LINE#         54
  C:0814H         LINE#         55
  C:0814H         LINE#         56
  C:0814H         LINE#         57
  C:0816H         LINE#         59
  C:081AH         LINE#         60
  C:081EH         LINE#         61
  C:0822H         LINE#         62
  C:0826H         LINE#         63
  -------         ENDPROC       MAIN
  -------         ENDMOD        LCD_TEST

******************************************************************************
* RESTRICTED VERSION WITH 0800H BYTE CODE SIZE LIMIT; USED: 005DH BYTE ( 4%) *
******************************************************************************

Program Size: data=9.0 xdata=0 code=108
LINK/LOCATE RUN COMPLETE.  0 WARNING(S),  0 ERROR(S)
